[0m15:20:55.863143 [debug] [MainThread]: Sending event: {'category': 'dbt', 'action': 'invocation', 'label': 'start', 'context': [<snowplow_tracker.self_describing_json.SelfDescribingJson object at 0x0000025244A84EC0>, <snowplow_tracker.self_describing_json.SelfDescribingJson object at 0x0000025242420E10>, <snowplow_tracker.self_describing_json.SelfDescribingJson object at 0x000002524726FED0>]}


============================== 15:20:55.867644 | 93581c85-5be9-4a03-9d61-2b04d0255e97 ==============================
[0m15:20:55.867644 [info ] [MainThread]: Running with dbt=1.12.0
[0m15:20:55.868290 [debug] [MainThread]: running dbt with arguments {'static_parser': 'True', 'no_print': 'None', 'maximum_seed_size_mib': '1', 'warn_error_options': 'WarnErrorOptionsV2(error=[], warn=[], silence=[])', 'version_check': 'True', 'target_path': 'None', 'printer_width': '80', 'write_json': 'True', 'empty': 'None', 'log_cache_events': 'False', 'introspect': 'True', 'cache_selected_only': 'False', 'log_format': 'default', 'debug': 'False', 'fail_fast': 'False', 'partial_parse': 'True', 'send_anonymous_usage_stats': 'True', 'quiet': 'False', 'warn_error': 'None', 'profiles_dir': 'C:\\Users\\pakal\\.dbt', 'invocation_command': 'dbt init', 'hints_enabled': 'True', 'indirect_selection': 'eager', 'use_experimental_parser': 'False', 'use_colors': 'True', 'log_path': 'logs'}
[0m15:21:16.586918 [debug] [MainThread]: Starter project path: C:\Projets\portfolio\venv\Lib\site-packages\dbt\include\starter_project
[0m15:21:16.638426 [info ] [MainThread]: Setting up your profile.
[0m15:25:04.032499 [error] [MainThread]: [[31mERROR[0m]: Encountered an error:

[0m15:25:04.070918 [error] [MainThread]: Traceback (most recent call last):
  File "C:\Projets\portfolio\venv\Lib\site-packages\dbt\cli\requires.py", line 190, in wrapper
    result, success = func(*args, **kwargs)
                      ~~~~^^^^^^^^^^^^^^^^^
  File "C:\Projets\portfolio\venv\Lib\site-packages\dbt\cli\requires.py", line 136, in wrapper
    return func(*args, **kwargs)
  File "C:\Projets\portfolio\venv\Lib\site-packages\dbt\cli\main.py", line 503, in init
    results = task.run()
  File "C:\Projets\portfolio\venv\Lib\site-packages\dbt\task\init.py", line 360, in run
    self.setup_profile(profile_name)
    ~~~~~~~~~~~~~~~~~~^^^^^^^^^^^^^^
  File "C:\Projets\portfolio\venv\Lib\site-packages\dbt\task\init.py", line 264, in setup_profile
    self.create_profile_from_target(adapter, profile_name=profile_name)
    ~~~~~~~~~~~~~~~~~~~~~~~~~~~~~~~^^^^^^^^^^^^^^^^^^^^^^^^^^^^^^^^^^^^
  File "C:\Projets\portfolio\venv\Lib\site-packages\dbt\task\init.py", line 181, in create_profile_from_target
    self.create_profile_from_profile_template(profile_template, profile_name)
    ~~~~~~~~~~~~~~~~~~~~~~~~~~~~~~~~~~~~~~~~~^^^^^^^^^^^^^^^^^^^^^^^^^^^^^^^^
  File "C:\Projets\portfolio\venv\Lib\site-packages\dbt\task\init.py", line 165, in create_profile_from_profile_template
    target = self.generate_target_from_input(prompts, initial_target)
  File "C:\Projets\portfolio\venv\Lib\site-packages\dbt\task\init.py", line 131, in generate_target_from_input
    target[key] = click.prompt(
                  ~~~~~~~~~~~~^
        text, default=default, hide_input=hide_input, type=type
        ^^^^^^^^^^^^^^^^^^^^^^^^^^^^^^^^^^^^^^^^^^^^^^^^^^^^^^^
    )
    ^
  File "C:\Projets\portfolio\venv\Lib\site-packages\click\termui.py", line 218, in prompt
    value = prompt_func(prompt)
  File "C:\Projets\portfolio\venv\Lib\site-packages\click\termui.py", line 201, in prompt_func
    raise Abort() from None
click.exceptions.Abort

[0m15:25:04.072916 [debug] [MainThread]: Command `dbt init` failed at 15:25:04.072750 after 248.44 seconds
[0m15:25:04.073372 [debug] [MainThread]: Sending event: {'category': 'dbt', 'action': 'invocation', 'label': 'end', 'context': [<snowplow_tracker.self_describing_json.SelfDescribingJson object at 0x0000025259064E90>, <snowplow_tracker.self_describing_json.SelfDescribingJson object at 0x0000025259012D50>, <snowplow_tracker.self_describing_json.SelfDescribingJson object at 0x00000252590207C0>]}
[0m15:25:04.073874 [debug] [MainThread]: Flushing usage events
[0m15:25:05.121797 [debug] [MainThread]: An error was encountered while trying to flush usage events
[0m15:26:06.998228 [debug] [MainThread]: Sending event: {'category': 'dbt', 'action': 'invocation', 'label': 'start', 'context': [<snowplow_tracker.self_describing_json.SelfDescribingJson object at 0x00000201CCBB4EC0>, <snowplow_tracker.self_describing_json.SelfDescribingJson object at 0x00000201CA540E10>, <snowplow_tracker.self_describing_json.SelfDescribingJson object at 0x00000201CF3AFED0>]}


============================== 15:26:07.002400 | b52d3597-4f6a-4ac4-924a-662f183706f6 ==============================
[0m15:26:07.002400 [info ] [MainThread]: Running with dbt=1.12.0
[0m15:26:07.003018 [debug] [MainThread]: running dbt with arguments {'static_parser': 'True', 'no_print': 'None', 'version_check': 'True', 'warn_error_options': 'WarnErrorOptionsV2(error=[], warn=[], silence=[])', 'target_path': 'None', 'maximum_seed_size_mib': '1', 'printer_width': '80', 'write_json': 'True', 'introspect': 'True', 'log_cache_events': 'False', 'empty': 'None', 'cache_selected_only': 'False', 'log_format': 'default', 'debug': 'False', 'fail_fast': 'False', 'partial_parse': 'True', 'send_anonymous_usage_stats': 'True', 'quiet': 'False', 'warn_error': 'None', 'profiles_dir': 'C:\\Users\\pakal\\.dbt', 'indirect_selection': 'eager', 'hints_enabled': 'True', 'use_colors': 'True', 'use_experimental_parser': 'False', 'invocation_command': 'dbt init', 'log_path': 'logs'}
[0m15:26:42.049663 [info ] [MainThread]: A project called rh_paie_analytics already exists here.
[0m15:26:42.051597 [debug] [MainThread]: Command `dbt init` succeeded at 15:26:42.051386 after 35.29 seconds
[0m15:26:42.052244 [debug] [MainThread]: Sending event: {'category': 'dbt', 'action': 'invocation', 'label': 'end', 'context': [<snowplow_tracker.self_describing_json.SelfDescribingJson object at 0x00000201CF207950>, <snowplow_tracker.self_describing_json.SelfDescribingJson object at 0x00000201CF4A1D90>, <snowplow_tracker.self_describing_json.SelfDescribingJson object at 0x00000201CF3DEF10>]}
[0m15:26:42.052893 [debug] [MainThread]: Flushing usage events
[0m15:26:42.990553 [debug] [MainThread]: An error was encountered while trying to flush usage events
[0m15:32:50.986665 [debug] [MainThread]: Sending event: {'category': 'dbt', 'action': 'invocation', 'label': 'start', 'context': [<snowplow_tracker.self_describing_json.SelfDescribingJson object at 0x0000019FF53E8EC0>, <snowplow_tracker.self_describing_json.SelfDescribingJson object at 0x0000019FF2D70F50>, <snowplow_tracker.self_describing_json.SelfDescribingJson object at 0x0000019FF7BDBED0>]}


============================== 15:32:50.990908 | 91a93d46-1fd6-46c8-a779-d0bc23bc64f0 ==============================
[0m15:32:50.990908 [info ] [MainThread]: Running with dbt=1.12.0
[0m15:32:50.991584 [debug] [MainThread]: running dbt with arguments {'maximum_seed_size_mib': '1', 'no_print': 'None', 'static_parser': 'True', 'warn_error_options': 'WarnErrorOptionsV2(error=[], warn=[], silence=[])', 'target_path': 'None', 'version_check': 'True', 'printer_width': '80', 'write_json': 'True', 'introspect': 'True', 'log_cache_events': 'False', 'empty': 'None', 'cache_selected_only': 'False', 'log_format': 'default', 'debug': 'False', 'fail_fast': 'False', 'profiles_dir': 'C:\\Users\\pakal\\.dbt', 'send_anonymous_usage_stats': 'True', 'quiet': 'False', 'warn_error': 'None', 'partial_parse': 'True', 'use_colors': 'True', 'hints_enabled': 'True', 'indirect_selection': 'eager', 'use_experimental_parser': 'False', 'invocation_command': 'dbt init', 'log_path': 'logs'}
[0m15:34:01.455724 [debug] [MainThread]: Starter project path: C:\Projets\portfolio\venv\Lib\site-packages\dbt\include\starter_project
[0m15:34:01.533512 [info ] [MainThread]: Setting up your profile.
[0m15:40:16.847877 [info ] [MainThread]: Profile rh_paie_analytics written to C:\Users\pakal\.dbt\profiles.yml using target's profile_template.yml and your supplied values.
[0m15:40:16.857957 [info ] [MainThread]: Running dbt debug to validate the project...
[0m15:40:16.858790 [info ] [MainThread]: dbt version: 1.12.0
[0m15:40:16.859304 [info ] [MainThread]: python version: 3.14.2
[0m15:40:16.859767 [info ] [MainThread]: python path: C:\Projets\portfolio\venv\Scripts\python.exe
[0m15:40:16.860168 [info ] [MainThread]: os info: Windows-11-10.0.26200-SP0
[0m15:40:16.925691 [info ] [MainThread]: Using profiles dir at C:\Users\pakal\.dbt
[0m15:40:16.926289 [info ] [MainThread]: Using profiles.yml file at C:\Users\pakal\.dbt\profiles.yml
[0m15:40:16.926714 [info ] [MainThread]: Using dbt_project.yml file at C:\Projets\portfolio\Projet_07_RH_Paie_Analytics\dbt\rh_paie_analytics\dbt_project.yml
[0m15:40:16.927161 [info ] [MainThread]: adapter type: bigquery
[0m15:40:16.927625 [info ] [MainThread]: adapter version: 1.12.0
[0m15:40:17.040832 [info ] [MainThread]: Configuration:
[0m15:40:17.041421 [info ] [MainThread]:   profiles.yml file [[32mOK found and valid[0m]
[0m15:40:17.041844 [info ] [MainThread]:   dbt_project.yml file [[32mOK found and valid[0m]
[0m15:40:17.042258 [info ] [MainThread]: Required dependencies:
[0m15:40:17.042698 [debug] [MainThread]: Executing "git --help"
[0m15:40:17.128506 [debug] [MainThread]: STDOUT: "b"usage: git [-v | --version] [-h | --help] [-C <path>] [-c <name>=<value>]\n           [--exec-path[=<path>]] [--html-path] [--man-path] [--info-path]\n           [-p | --paginate | -P | --no-pager] [--no-replace-objects] [--no-lazy-fetch]\n           [--no-optional-locks] [--no-advice] [--bare] [--git-dir=<path>]\n           [--work-tree=<path>] [--namespace=<name>] [--config-env=<name>=<envvar>]\n           <command> [<args>]\n\nThese are common Git commands used in various situations:\n\nstart a working area (see also: git help tutorial)\n   clone      Clone a repository into a new directory\n   init       Create an empty Git repository or reinitialize an existing one\n\nwork on the current change (see also: git help everyday)\n   add        Add file contents to the index\n   mv         Move or rename a file, a directory, or a symlink\n   restore    Restore working tree files\n   rm         Remove files from the working tree and from the index\n\nexamine the history and state (see also: git help revisions)\n   bisect     Use binary search to find the commit that introduced a bug\n   diff       Show changes between commits, commit and working tree, etc\n   grep       Print lines matching a pattern\n   log        Show commit logs\n   show       Show various types of objects\n   status     Show the working tree status\n\ngrow, mark and tweak your common history\n   backfill   Download missing objects in a partial clone\n   branch     List, create, or delete branches\n   commit     Record changes to the repository\n   merge      Join two or more development histories together\n   rebase     Reapply commits on top of another base tip\n   reset      Reset current HEAD to the specified state\n   switch     Switch branches\n   tag        Create, list, delete or verify tags\n\ncollaborate (see also: git help workflows)\n   fetch      Download objects and refs from another repository\n   pull       Fetch from and integrate with another repository or a local branch\n   push       Update remote refs along with associated objects\n\n'git help -a' and 'git help -g' list available subcommands and some\nconcept guides. See 'git help <command>' or 'git help <concept>'\nto read about a specific subcommand or concept.\nSee 'git help git' for an overview of the system.\n""
[0m15:40:17.129043 [debug] [MainThread]: STDERR: "b''"
[0m15:40:17.129513 [info ] [MainThread]:  - git [[32mOK found[0m]

[0m15:40:17.129969 [info ] [MainThread]: Connection:
[0m15:40:17.130387 [info ] [MainThread]:   method: service-account
[0m15:40:17.130747 [info ] [MainThread]:   database: projet-07-rh-paie-analytics
[0m15:40:17.131105 [info ] [MainThread]:   execution_project: projet-07-rh-paie-analytics
[0m15:40:17.131465 [info ] [MainThread]:   schema: rh_paie_analytics
[0m15:40:17.131852 [info ] [MainThread]:   location: EU
[0m15:40:17.132209 [info ] [MainThread]:   priority: interactive
[0m15:40:17.132575 [info ] [MainThread]:   maximum_bytes_billed: None
[0m15:40:17.132930 [info ] [MainThread]:   reservation: None
[0m15:40:17.133281 [info ] [MainThread]:   impersonate_service_account: None
[0m15:40:17.133639 [info ] [MainThread]:   job_retry_deadline_seconds: None
[0m15:40:17.133989 [info ] [MainThread]:   job_retries: 1
[0m15:40:17.134345 [info ] [MainThread]:   job_creation_timeout_seconds: None
[0m15:40:17.134755 [info ] [MainThread]:   job_execution_timeout_seconds: 300
[0m15:40:17.135278 [info ] [MainThread]:   job_link_info_level_log: False
[0m15:40:17.135811 [info ] [MainThread]:   timeout_seconds: 300
[0m15:40:17.136243 [info ] [MainThread]:   client_id: None
[0m15:40:17.136700 [info ] [MainThread]:   token_uri: None
[0m15:40:17.137073 [info ] [MainThread]:   compute_region: None
[0m15:40:17.137460 [info ] [MainThread]:   dataproc_cluster_name: None
[0m15:40:17.137854 [info ] [MainThread]:   gcs_bucket: None
[0m15:40:17.138235 [info ] [MainThread]:   dataproc_batch: None
[0m15:40:17.138899 [info ] [MainThread]: Registered adapter: bigquery=1.12.0
[0m15:40:18.022176 [debug] [MainThread]: Acquiring new bigquery connection 'debug'
[0m15:40:18.022596 [debug] [MainThread]: On debug: select 1 as id
[0m15:40:18.022972 [debug] [MainThread]: Opening a new connection, currently in state init
[0m15:40:21.233963 [debug] [MainThread]: BigQuery adapter: https://console.cloud.google.com/bigquery?project=projet-07-rh-paie-analytics&j=bq:EU:d5a067b4-40e3-47d6-9aba-f4a2da871840&page=queryresults
[0m15:40:21.521672 [debug] [MainThread]: SQL status: OK in 0.287 seconds
[0m15:40:23.607093 [info ] [MainThread]:   Connection test: [[32mOK connection ok[0m]

[0m15:40:23.607731 [info ] [MainThread]: [32mAll checks passed![0m
[0m15:40:23.608196 [info ] [MainThread]: Your new dbt project "rh_paie_analytics" was created!
Initialized new project in C:\Projets\portfolio\Projet_07_RH_Paie_Analytics\dbt\rh_paie_analytics\rh_paie_analytics

For more information on how to configure the profiles.yml file,
please consult the dbt documentation here:

  https://docs.getdbt.com/docs/configure-your-profile

One more thing:

Need help? Don't hesitate to reach out to us via GitHub issues or on Slack:

  https://community.getdbt.com/

Happy modeling!

[0m15:40:23.609442 [debug] [MainThread]: Command `dbt init` succeeded at 15:40:23.609312 after 452.90 seconds
[0m15:40:23.609805 [debug] [MainThread]: Connection 'debug' was properly closed.
[0m15:40:23.610191 [debug] [MainThread]: Sending event: {'category': 'dbt', 'action': 'invocation', 'label': 'end', 'context': [<snowplow_tracker.self_describing_json.SelfDescribingJson object at 0x0000019FF7A33950>, <snowplow_tracker.self_describing_json.SelfDescribingJson object at 0x0000019FF2AB9130>, <snowplow_tracker.self_describing_json.SelfDescribingJson object at 0x0000019F89A9DD00>]}
[0m15:40:23.610623 [debug] [MainThread]: Flushing usage events
[0m15:40:24.609784 [debug] [MainThread]: An error was encountered while trying to flush usage events
[0m15:52:22.240721 [debug] [MainThread]: Sending event: {'category': 'dbt', 'action': 'invocation', 'label': 'start', 'context': [<snowplow_tracker.self_describing_json.SelfDescribingJson object at 0x000002EB73C54EC0>, <snowplow_tracker.self_describing_json.SelfDescribingJson object at 0x000002EB715A4E10>, <snowplow_tracker.self_describing_json.SelfDescribingJson object at 0x000002EB76447ED0>]}


============================== 15:52:22.252136 | c2744e37-58cb-44b0-a60b-499d00774609 ==============================
[0m15:52:22.252136 [info ] [MainThread]: Running with dbt=1.12.0
[0m15:52:22.253083 [debug] [MainThread]: running dbt with arguments {'version_check': 'True', 'no_print': 'None', 'static_parser': 'True', 'target_path': 'None', 'maximum_seed_size_mib': '1', 'warn_error_options': 'WarnErrorOptionsV2(error=[], warn=[], silence=[])', 'printer_width': '80', 'write_json': 'True', 'empty': 'None', 'log_cache_events': 'False', 'introspect': 'True', 'cache_selected_only': 'False', 'fail_fast': 'False', 'debug': 'False', 'log_format': 'default', 'profiles_dir': 'C:\\Users\\pakal\\.dbt', 'send_anonymous_usage_stats': 'True', 'quiet': 'False', 'warn_error': 'None', 'partial_parse': 'True', 'indirect_selection': 'eager', 'hints_enabled': 'True', 'use_colors': 'True', 'use_experimental_parser': 'False', 'invocation_command': 'dbt deps', 'log_path': 'logs'}
[0m15:52:22.253912 [error] [MainThread]: [[31mERROR[0m]: Encountered an error:
Runtime Error
  No dbt_project.yml found at expected path C:\Projets\portfolio\Projet_07_RH_Paie_Analytics\dbt\dbt_project.yml
  Verify that each entry within packages.yml (and their transitive dependencies) contains a file named dbt_project.yml
  
[0m15:52:22.254936 [debug] [MainThread]: Command `dbt deps` failed at 15:52:22.254819 after 0.21 seconds
[0m15:52:22.255312 [debug] [MainThread]: Sending event: {'category': 'dbt', 'action': 'invocation', 'label': 'end', 'context': [<snowplow_tracker.self_describing_json.SelfDescribingJson object at 0x000002EB762A7BB0>, <snowplow_tracker.self_describing_json.SelfDescribingJson object at 0x000002EB764A5010>, <snowplow_tracker.self_describing_json.SelfDescribingJson object at 0x000002EB76486E00>]}
[0m15:52:22.255722 [debug] [MainThread]: Flushing usage events
[0m15:52:23.274843 [debug] [MainThread]: An error was encountered while trying to flush usage events
